[www.box2dflash.org/docs/2.1a/reference/index.html]
[backblue.gif]
[fade.gif]
[index.html]
[www.box2dflash.org/docs/2.1a/reference/package-frame.html]
[www.box2dflash.org/docs/2.1a/reference/title-bar.html]
[www.box2dflash.org/docs/2.1a/reference/package-summary.html]
[www.box2dflash.org/docs/2.1a/reference/index.html]
[www.box2dflash.org/docs/2.1a/reference/package-list.html]
[www.box2dflash.org/docs/2.1a/reference/all-classes.html]
[www.box2dflash.org/docs/2.1a/reference/package-frame.html]
[www.box2dflash.org/docs/2.1a/reference/style.css]
[www.box2dflash.org/docs/2.1a/reference/print.css]
[www.box2dflash.org/docs/2.1a/reference/asdoc.js]
[www.box2dflash.org/docs/2.1a/reference/class-summary.html]
[www.box2dflash.org/docs/2.1a/reference/all-index-A.html]
[www.box2dflash.org/docs/2.1a/reference/index-list.html]
[www.box2dflash.org/docs/2.1a/reference/package-use.html]
[www.box2dflash.org/docs/2.1a/reference/title-bar.html]
[www.box2dflash.org/docs/2.1a/reference/cookies.js]
[www.box2dflash.org/docs/2.1a/reference/indexf431.html]
[www.box2dflash.org/docs/2.1a/reference/images/logo.jpg]
[www.box2dflash.org/docs/2.1a/reference/Box2D/Collision/class-list.html]
[www.box2dflash.org/docs/2.1a/reference/Box2D/Collision/package-detail.html]
[www.box2dflash.org/docs/2.1a/reference/Box2D/Collision/Shapes/class-list.html]
[www.box2dflash.org/docs/2.1a/reference/Box2D/Collision/Shapes/package-detail.html]
[www.box2dflash.org/docs/2.1a/reference/Box2D/Common/class-list.html]
[www.box2dflash.org/docs/2.1a/reference/Box2D/Common/package-detail.html]
[www.box2dflash.org/docs/2.1a/reference/Box2D/Common/Math/class-list.html]
[www.box2dflash.org/docs/2.1a/reference/Box2D/Common/Math/package-detail.html]
[www.box2dflash.org/docs/2.1a/reference/Box2D/Dynamics/class-list.html]
[www.box2dflash.org/docs/2.1a/reference/Box2D/Dynamics/package-detail.html]
[www.box2dflash.org/docs/2.1a/reference/Box2D/Dynamics/Contacts/class-list.html]
[www.box2dflash.org/docs/2.1a/reference/Box2D/Dynamics/Contacts/package-detail.html]
[www.box2dflash.org/docs/2.1a/reference/Box2D/Dynamics/Controllers/class-list.html]
[www.box2dflash.org/docs/2.1a/reference/Box2D/Dynamics/Controllers/package-detail.html]
[www.box2dflash.org/docs/2.1a/reference/Box2D/Dynamics/Joints/class-list.html]
[www.box2dflash.org/docs/2.1a/reference/Box2D/Dynamics/Joints/package-detail.html]
[www.box2dflash.org/docs/2.1a/reference/package-summary.html]
[www.box2dflash.org/docs/2.1a/reference/package-list.html]
[www.box2dflash.org/docs/2.1a/reference/Box2D/Collision/b2AABB.html]
[www.box2dflash.org/docs/2.1a/reference/Box2D/Dynamics/b2Body.html]
[www.box2dflash.org/docs/2.1a/reference/Box2D/Dynamics/b2BodyDef.html]
[www.box2dflash.org/docs/2.1a/reference/Box2D/Dynamics/Controllers/b2BuoyancyController.html]
[www.box2dflash.org/docs/2.1a/reference/Box2D/Collision/Shapes/b2CircleShape.html]
[www.box2dflash.org/docs/2.1a/reference/Box2D/Common/b2Color.html]
[www.box2dflash.org/docs/2.1a/reference/Box2D/Dynamics/Controllers/b2ConstantAccelController.html]
[www.box2dflash.org/docs/2.1a/reference/Box2D/Dynamics/Controllers/b2ConstantForceController.html]
[www.box2dflash.org/docs/2.1a/reference/Box2D/Dynamics/Contacts/b2Contact.html]
[www.box2dflash.org/docs/2.1a/reference/Box2D/Dynamics/Contacts/b2ContactEdge.html]
[www.box2dflash.org/docs/2.1a/reference/Box2D/Dynamics/b2ContactFilter.html]
[www.box2dflash.org/docs/2.1a/reference/Box2D/Collision/b2ContactID.html]
[www.box2dflash.org/docs/2.1a/reference/Box2D/Dynamics/b2ContactImpulse.html]
[www.box2dflash.org/docs/2.1a/reference/Box2D/Dynamics/b2ContactListener.html]
[www.box2dflash.org/docs/2.1a/reference/Box2D/Collision/b2ContactPoint.html]
[www.box2dflash.org/docs/2.1a/reference/Box2D/Dynamics/Contacts/b2ContactResult.html]
[www.box2dflash.org/docs/2.1a/reference/Box2D/Dynamics/Controllers/b2Controller.html]
[www.box2dflash.org/docs/2.1a/reference/Box2D/Dynamics/Controllers/b2ControllerEdge.html]
[www.box2dflash.org/docs/2.1a/reference/Box2D/Dynamics/b2DebugDraw.html]
[www.box2dflash.org/docs/2.1a/reference/Box2D/Dynamics/b2DestructionListener.html]
[www.box2dflash.org/docs/2.1a/reference/Box2D/Collision/b2DistanceInput.html]
[www.box2dflash.org/docs/2.1a/reference/Box2D/Dynamics/Joints/b2DistanceJoint.html]
[www.box2dflash.org/docs/2.1a/reference/Box2D/Dynamics/Joints/b2DistanceJointDef.html]
[www.box2dflash.org/docs/2.1a/reference/Box2D/Collision/b2DistanceOutput.html]
[www.box2dflash.org/docs/2.1a/reference/Box2D/Collision/b2DistanceProxy.html]
[www.box2dflash.org/docs/2.1a/reference/Box2D/Collision/b2DynamicTree.html]
[www.box2dflash.org/docs/2.1a/reference/Box2D/Collision/b2DynamicTreeBroadPhase.html]
[www.box2dflash.org/docs/2.1a/reference/Box2D/Collision/Shapes/b2EdgeChainDef.html]
[www.box2dflash.org/docs/2.1a/reference/Box2D/Dynamics/b2FilterData.html]
[www.box2dflash.org/docs/2.1a/reference/Box2D/Dynamics/b2Fixture.html]
[www.box2dflash.org/docs/2.1a/reference/Box2D/Dynamics/b2FixtureDef.html]
[www.box2dflash.org/docs/2.1a/reference/Box2D/Dynamics/Joints/b2FrictionJoint.html]
[www.box2dflash.org/docs/2.1a/reference/Box2D/Dynamics/Joints/b2FrictionJointDef.html]
[www.box2dflash.org/docs/2.1a/reference/Box2D/Dynamics/Joints/b2GearJoint.html]
[www.box2dflash.org/docs/2.1a/reference/Box2D/Dynamics/Joints/b2GearJointDef.html]
[www.box2dflash.org/docs/2.1a/reference/Box2D/Dynamics/Controllers/b2GravityController.html]
[www.box2dflash.org/docs/2.1a/reference/Box2D/Dynamics/Joints/b2Joint.html]
[www.box2dflash.org/docs/2.1a/reference/Box2D/Dynamics/Joints/b2JointDef.html]
[www.box2dflash.org/docs/2.1a/reference/Box2D/Dynamics/Joints/b2JointEdge.html]
[www.box2dflash.org/docs/2.1a/reference/Box2D/Dynamics/Joints/b2LineJoint.html]
[www.box2dflash.org/docs/2.1a/reference/Box2D/Dynamics/Joints/b2LineJointDef.html]
[www.box2dflash.org/docs/2.1a/reference/Box2D/Collision/b2Manifold.html]
[www.box2dflash.org/docs/2.1a/reference/Box2D/Collision/b2ManifoldPoint.html]
[www.box2dflash.org/docs/2.1a/reference/Box2D/Collision/Shapes/b2MassData.html]
[www.box2dflash.org/docs/2.1a/reference/Box2D/Common/Math/b2Mat22.html]
[www.box2dflash.org/docs/2.1a/reference/Box2D/Common/Math/b2Mat33.html]
[www.box2dflash.org/docs/2.1a/reference/Box2D/Dynamics/Joints/b2MouseJoint.html]
[www.box2dflash.org/docs/2.1a/reference/Box2D/Dynamics/Joints/b2MouseJointDef.html]
[www.box2dflash.org/docs/2.1a/reference/Box2D/Collision/b2OBB.html]
[www.box2dflash.org/docs/2.1a/reference/Box2D/Collision/Shapes/b2PolygonShape.html]
[www.box2dflash.org/docs/2.1a/reference/Box2D/Dynamics/Joints/b2PrismaticJoint.html]
[www.box2dflash.org/docs/2.1a/reference/Box2D/Dynamics/Joints/b2PrismaticJointDef.html]
[www.box2dflash.org/docs/2.1a/reference/Box2D/Dynamics/Joints/b2PulleyJoint.html]
[www.box2dflash.org/docs/2.1a/reference/Box2D/Dynamics/Joints/b2PulleyJointDef.html]
[www.box2dflash.org/docs/2.1a/reference/Box2D/Collision/b2RayCastInput.html]
[www.box2dflash.org/docs/2.1a/reference/Box2D/Collision/b2RayCastOutput.html]
[www.box2dflash.org/docs/2.1a/reference/Box2D/Dynamics/Joints/b2RevoluteJoint.html]
[www.box2dflash.org/docs/2.1a/reference/Box2D/Dynamics/Joints/b2RevoluteJointDef.html]
[www.box2dflash.org/docs/2.1a/reference/Box2D/Collision/b2Segment.html]
[www.box2dflash.org/docs/2.1a/reference/Box2D/Common/b2Settings.html]
[www.box2dflash.org/docs/2.1a/reference/Box2D/Collision/Shapes/b2Shape.html]
[www.box2dflash.org/docs/2.1a/reference/Box2D/Collision/b2SimplexCache.html]
[www.box2dflash.org/docs/2.1a/reference/Box2D/Common/Math/b2Sweep.html]
[www.box2dflash.org/docs/2.1a/reference/Box2D/Dynamics/Controllers/b2TensorDampingController.html]
[www.box2dflash.org/docs/2.1a/reference/Box2D/Collision/b2TOIInput.html]
[www.box2dflash.org/docs/2.1a/reference/Box2D/Common/Math/b2Transform.html]
[www.box2dflash.org/docs/2.1a/reference/Box2D/Common/Math/b2Vec2.html]
[www.box2dflash.org/docs/2.1a/reference/Box2D/Common/Math/b2Vec3.html]
[www.box2dflash.org/docs/2.1a/reference/Box2D/Dynamics/Joints/b2WeldJoint.html]
[www.box2dflash.org/docs/2.1a/reference/Box2D/Dynamics/Joints/b2WeldJointDef.html]
[www.box2dflash.org/docs/2.1a/reference/Box2D/Dynamics/b2World.html]
[www.box2dflash.org/docs/2.1a/reference/Box2D/Collision/b2WorldManifold.html]
[www.box2dflash.org/docs/2.1a/reference/Box2D/Collision/Features.html]
[www.box2dflash.org/docs/2.1a/reference/Box2D/Collision/IBroadPhase.html]
[www.box2dflash.org/docs/2.1a/reference/all-classes.html]
[www.box2dflash.org/docs/2.1a/reference/images/titleTableTop.jpg]
[www.box2dflash.org/docs/2.1a/reference/images/titleTableMiddle.jpg]
[www.box2dflash.org/docs/2.1a/reference/images/titleTableBottom.jpg]
[www.box2dflash.org/docs/2.1a/reference/images/detailSectionHeader.jpg]
[www.box2dflash.org/docs/2.1a/reference/images/detailHeaderRule.jpg]
[www.box2dflash.org/docs/2.1a/reference/style.css]
[www.box2dflash.org/docs/2.1a/reference/print.css]
[www.box2dflash.org/docs/2.1a/reference/indexc14d.html]
[www.box2dflash.org/docs/2.1a/reference/class-summary.html]
[www.box2dflash.org/docs/2.1a/reference/index2640.html]
[www.box2dflash.org/docs/2.1a/reference/all-index-B.html]
[www.box2dflash.org/docs/2.1a/reference/all-index-C.html]
[www.box2dflash.org/docs/2.1a/reference/all-index-D.html]
[www.box2dflash.org/docs/2.1a/reference/all-index-E.html]
[www.box2dflash.org/docs/2.1a/reference/all-index-F.html]
[www.box2dflash.org/docs/2.1a/reference/all-index-G.html]
[www.box2dflash.org/docs/2.1a/reference/all-index-H.html]
[www.box2dflash.org/docs/2.1a/reference/all-index-I.html]
[www.box2dflash.org/docs/2.1a/reference/all-index-J.html]
[www.box2dflash.org/docs/2.1a/reference/all-index-K.html]
[www.box2dflash.org/docs/2.1a/reference/all-index-L.html]
[www.box2dflash.org/docs/2.1a/reference/all-index-M.html]
[www.box2dflash.org/docs/2.1a/reference/all-index-N.html]
[www.box2dflash.org/docs/2.1a/reference/all-index-O.html]
[www.box2dflash.org/docs/2.1a/reference/all-index-P.html]
[www.box2dflash.org/docs/2.1a/reference/all-index-Q.html]
[www.box2dflash.org/docs/2.1a/reference/all-index-R.html]
[www.box2dflash.org/docs/2.1a/reference/all-index-S.html]
[www.box2dflash.org/docs/2.1a/reference/all-index-T.html]
[www.box2dflash.org/docs/2.1a/reference/all-index-U.html]
[www.box2dflash.org/docs/2.1a/reference/all-index-V.html]
[www.box2dflash.org/docs/2.1a/reference/all-index-W.html]
[www.box2dflash.org/docs/2.1a/reference/all-index-X.html]
[www.box2dflash.org/docs/2.1a/reference/all-index-Y.html]
[www.box2dflash.org/docs/2.1a/reference/all-index-Z.html]
[www.box2dflash.org/docs/2.1a/reference/Box2D/Common/Math/class-list-2.html]
[www.box2dflash.org/docs/2.1a/reference/Box2D/Dynamics/class-list-2.html]
[www.box2dflash.org/docs/2.1a/reference/Box2D/Dynamics/Controllers/class-list-2.html]
[www.box2dflash.org/docs/2.1a/reference/all-index-A.html]
[www.box2dflash.org/docs/2.1a/reference/index-list.html]
[www.box2dflash.org/docs/2.1a/reference/package-use.html]
[www.box2dflash.org/docs/2.1a/reference/indexf431.html]
[www.box2dflash.org/docs/2.1a/reference/Box2D/Collision/class-list.html]
[www.box2dflash.org/docs/2.1a/reference/index0029.html]
[www.box2dflash.org/docs/2.1a/reference/Box2D/Collision/package-detail.html]
[www.box2dflash.org/docs/2.1a/reference/Box2D/Collision/Shapes/class-list.html]
[www.box2dflash.org/docs/2.1a/reference/indexf547.html]
[www.box2dflash.org/docs/2.1a/reference/Box2D/Collision/Shapes/package-detail.html]
[www.box2dflash.org/docs/2.1a/reference/Box2D/Common/class-list.html]
[www.box2dflash.org/docs/2.1a/reference/indexd6a5.html]
[www.box2dflash.org/docs/2.1a/reference/Box2D/Common/package-detail.html]
[www.box2dflash.org/docs/2.1a/reference/Box2D/Common/Math/class-list.html]
[www.box2dflash.org/docs/2.1a/reference/index2cf9.html]
[www.box2dflash.org/docs/2.1a/reference/Box2D/Common/Math/package-detail.html]
[www.box2dflash.org/docs/2.1a/reference/Box2D/Dynamics/class-list.html]
[www.box2dflash.org/docs/2.1a/reference/indexfbeb.html]
[www.box2dflash.org/docs/2.1a/reference/Box2D/Dynamics/package-detail.html]
[www.box2dflash.org/docs/2.1a/reference/Box2D/Dynamics/Contacts/class-list.html]
[www.box2dflash.org/docs/2.1a/reference/index8a16.html]
[www.box2dflash.org/docs/2.1a/reference/Box2D/Dynamics/Contacts/package-detail.html]
[www.box2dflash.org/docs/2.1a/reference/Box2D/Dynamics/Controllers/class-list.html]
[www.box2dflash.org/docs/2.1a/reference/indexd69d.html]
[www.box2dflash.org/docs/2.1a/reference/Box2D/Dynamics/Controllers/package-detail.html]
[www.box2dflash.org/docs/2.1a/reference/Box2D/Dynamics/Joints/class-list.html]
[www.box2dflash.org/docs/2.1a/reference/indexa4a6.html]
[www.box2dflash.org/docs/2.1a/reference/Box2D/Dynamics/Joints/package-detail.html]
[www.box2dflash.org/docs/2.1a/reference/index109d.html]
[www.box2dflash.org/docs/2.1a/reference/Box2D/Collision/b2AABB.html]
[www.box2dflash.org/docs/2.1a/reference/index0ea8.html]
[www.box2dflash.org/docs/2.1a/reference/Box2D/Dynamics/b2Body.html]
[www.box2dflash.org/docs/2.1a/reference/index81e7.html]
[www.box2dflash.org/docs/2.1a/reference/Box2D/Dynamics/b2BodyDef.html]
[www.box2dflash.org/docs/2.1a/reference/index1f54.html]
[www.box2dflash.org/docs/2.1a/reference/images/inherit-arrow.gif]
[www.box2dflash.org/docs/2.1a/reference/images/expanded.gif]
[www.box2dflash.org/docs/2.1a/reference/images/collapsed.gif]
[www.box2dflash.org/docs/2.1a/reference/images/inheritedSummary.gif]
[www.box2dflash.org/docs/2.1a/reference/Box2D/Dynamics/Controllers/b2BuoyancyController.html]
[www.box2dflash.org/docs/2.1a/reference/indexed9f.html]
[www.box2dflash.org/docs/2.1a/reference/Box2D/Collision/Shapes/b2CircleShape.html]
[www.box2dflash.org/docs/2.1a/reference/index40cc.html]
[www.box2dflash.org/docs/2.1a/reference/Box2D/Common/b2Color.html]
[www.box2dflash.org/docs/2.1a/reference/index882a.html]
[www.box2dflash.org/docs/2.1a/reference/Box2D/Dynamics/Controllers/b2ConstantAccelController.html]
[www.box2dflash.org/docs/2.1a/reference/index1053.html]
[www.box2dflash.org/docs/2.1a/reference/Box2D/Dynamics/Controllers/b2ConstantForceController.html]
[www.box2dflash.org/docs/2.1a/reference/index5342.html]
[www.box2dflash.org/docs/2.1a/reference/Box2D/Dynamics/Contacts/b2Contact.html]
[www.box2dflash.org/docs/2.1a/reference/index1a36.html]
[www.box2dflash.org/docs/2.1a/reference/Box2D/Dynamics/Contacts/b2ContactEdge.html]
[www.box2dflash.org/docs/2.1a/reference/indexe494.html]
[www.box2dflash.org/docs/2.1a/reference/Box2D/Dynamics/b2ContactFilter.html]
[www.box2dflash.org/docs/2.1a/reference/index8f8a.html]
[www.box2dflash.org/docs/2.1a/reference/Box2D/Collision/b2ContactID.html]
[www.box2dflash.org/docs/2.1a/reference/index42f8.html]
[www.box2dflash.org/docs/2.1a/reference/Box2D/Dynamics/b2ContactImpulse.html]
[www.box2dflash.org/docs/2.1a/reference/indexf318.html]
[www.box2dflash.org/docs/2.1a/reference/Box2D/Dynamics/b2ContactListener.html]
[www.box2dflash.org/docs/2.1a/reference/index4fc8.html]
[www.box2dflash.org/docs/2.1a/reference/Box2D/Collision/b2ContactPoint.html]
[www.box2dflash.org/docs/2.1a/reference/index0964.html]
[www.box2dflash.org/docs/2.1a/reference/Box2D/Dynamics/Contacts/b2ContactResult.html]
[www.box2dflash.org/docs/2.1a/reference/index28ef.html]
[www.box2dflash.org/docs/2.1a/reference/Box2D/Dynamics/Controllers/b2Controller.html]
[www.box2dflash.org/docs/2.1a/reference/index0fe3.html]
[www.box2dflash.org/docs/2.1a/reference/Box2D/Dynamics/Controllers/b2ControllerEdge.html]
[www.box2dflash.org/docs/2.1a/reference/index7d6f.html]
[www.box2dflash.org/docs/2.1a/reference/Box2D/Dynamics/b2DebugDraw.html]
[www.box2dflash.org/docs/2.1a/reference/indexb251.html]
[www.box2dflash.org/docs/2.1a/reference/Box2D/Dynamics/b2DestructionListener.html]
[www.box2dflash.org/docs/2.1a/reference/indexbb05.html]
[www.box2dflash.org/docs/2.1a/reference/Box2D/Collision/b2DistanceInput.html]
[www.box2dflash.org/docs/2.1a/reference/indexd418.html]
[www.box2dflash.org/docs/2.1a/reference/Box2D/Dynamics/Joints/b2DistanceJoint.html]
[www.box2dflash.org/docs/2.1a/reference/index15ab.html]
[www.box2dflash.org/docs/2.1a/reference/Box2D/Dynamics/Joints/b2DistanceJointDef.html]
[www.box2dflash.org/docs/2.1a/reference/index922d.html]
[www.box2dflash.org/docs/2.1a/reference/Box2D/Collision/b2DistanceOutput.html]
[www.box2dflash.org/docs/2.1a/reference/index869e.html]
[www.box2dflash.org/docs/2.1a/reference/Box2D/Collision/b2DistanceProxy.html]
[www.box2dflash.org/docs/2.1a/reference/indexd180.html]
[www.box2dflash.org/docs/2.1a/reference/Box2D/Collision/b2DynamicTree.html]
[www.box2dflash.org/docs/2.1a/reference/index77cb.html]
[www.box2dflash.org/docs/2.1a/reference/Box2D/Collision/b2DynamicTreeBroadPhase.html]
[www.box2dflash.org/docs/2.1a/reference/indexae61.html]
[www.box2dflash.org/docs/2.1a/reference/Box2D/Collision/Shapes/b2EdgeChainDef.html]
[www.box2dflash.org/docs/2.1a/reference/indexb5ef.html]
[www.box2dflash.org/docs/2.1a/reference/Box2D/Dynamics/b2FilterData.html]
[www.box2dflash.org/docs/2.1a/reference/indexacbb.html]
[www.box2dflash.org/docs/2.1a/reference/Box2D/Dynamics/b2Fixture.html]
[www.box2dflash.org/docs/2.1a/reference/indexc7ea.html]
[www.box2dflash.org/docs/2.1a/reference/Box2D/Dynamics/b2FixtureDef.html]
[www.box2dflash.org/docs/2.1a/reference/index53d8.html]
[www.box2dflash.org/docs/2.1a/reference/Box2D/Dynamics/Joints/b2FrictionJoint.html]
[www.box2dflash.org/docs/2.1a/reference/indexf91b.html]
[www.box2dflash.org/docs/2.1a/reference/Box2D/Dynamics/Joints/b2FrictionJointDef.html]
[www.box2dflash.org/docs/2.1a/reference/indexae71.html]
[www.box2dflash.org/docs/2.1a/reference/Box2D/Dynamics/Joints/b2GearJoint.html]
[www.box2dflash.org/docs/2.1a/reference/index3eca.html]
[www.box2dflash.org/docs/2.1a/reference/Box2D/Dynamics/Joints/b2GearJointDef.html]
[www.box2dflash.org/docs/2.1a/reference/index2c6c.html]
[www.box2dflash.org/docs/2.1a/reference/Box2D/Dynamics/Controllers/b2GravityController.html]
[www.box2dflash.org/docs/2.1a/reference/indexa24c.html]
[www.box2dflash.org/docs/2.1a/reference/Box2D/Dynamics/Joints/b2Joint.html]
[www.box2dflash.org/docs/2.1a/reference/index36c7.html]
[www.box2dflash.org/docs/2.1a/reference/Box2D/Dynamics/Joints/b2JointDef.html]
[www.box2dflash.org/docs/2.1a/reference/indexebe8.html]
[www.box2dflash.org/docs/2.1a/reference/Box2D/Dynamics/Joints/b2JointEdge.html]
[www.box2dflash.org/docs/2.1a/reference/indexbcf9.html]
[www.box2dflash.org/docs/2.1a/reference/Box2D/Dynamics/Joints/b2LineJoint.html]
[www.box2dflash.org/docs/2.1a/reference/index30d2.html]
[www.box2dflash.org/docs/2.1a/reference/Box2D/Dynamics/Joints/b2LineJointDef.html]
[www.box2dflash.org/docs/2.1a/reference/index4d63.html]
[www.box2dflash.org/docs/2.1a/reference/Box2D/Collision/b2Manifold.html]
[www.box2dflash.org/docs/2.1a/reference/index14a1.html]
[www.box2dflash.org/docs/2.1a/reference/Box2D/Collision/b2ManifoldPoint.html]
[www.box2dflash.org/docs/2.1a/reference/index180f.html]
[www.box2dflash.org/docs/2.1a/reference/Box2D/Collision/Shapes/b2MassData.html]
[www.box2dflash.org/docs/2.1a/reference/index3457.html]
[www.box2dflash.org/docs/2.1a/reference/Box2D/Common/Math/b2Mat22.html]
[www.box2dflash.org/docs/2.1a/reference/indexae36.html]
[www.box2dflash.org/docs/2.1a/reference/Box2D/Common/Math/b2Mat33.html]
[www.box2dflash.org/docs/2.1a/reference/indexcc94.html]
[www.box2dflash.org/docs/2.1a/reference/Box2D/Dynamics/Joints/b2MouseJoint.html]
[www.box2dflash.org/docs/2.1a/reference/indexc7f8.html]
[www.box2dflash.org/docs/2.1a/reference/Box2D/Dynamics/Joints/b2MouseJointDef.html]
[www.box2dflash.org/docs/2.1a/reference/index07e0.html]
[www.box2dflash.org/docs/2.1a/reference/Box2D/Collision/b2OBB.html]
[www.box2dflash.org/docs/2.1a/reference/index8e28.html]
[www.box2dflash.org/docs/2.1a/reference/Box2D/Collision/Shapes/b2PolygonShape.html]
[www.box2dflash.org/docs/2.1a/reference/indexcb9f.html]
[www.box2dflash.org/docs/2.1a/reference/Box2D/Dynamics/Joints/b2PrismaticJoint.html]
[www.box2dflash.org/docs/2.1a/reference/indexc37b.html]
[www.box2dflash.org/docs/2.1a/reference/Box2D/Dynamics/Joints/b2PrismaticJointDef.html]
[www.box2dflash.org/docs/2.1a/reference/indexe47d.html]
[www.box2dflash.org/docs/2.1a/reference/Box2D/Dynamics/Joints/b2PulleyJoint.html]
[www.box2dflash.org/docs/2.1a/reference/index435f.html]
[www.box2dflash.org/docs/2.1a/reference/Box2D/Dynamics/Joints/b2PulleyJointDef.html]
[www.box2dflash.org/docs/2.1a/reference/index2945.html]
[www.box2dflash.org/docs/2.1a/reference/Box2D/Collision/b2RayCastInput.html]
[www.box2dflash.org/docs/2.1a/reference/index57f6.html]
[www.box2dflash.org/docs/2.1a/reference/Box2D/Collision/b2RayCastOutput.html]
[www.box2dflash.org/docs/2.1a/reference/indexe044.html]
[www.box2dflash.org/docs/2.1a/reference/Box2D/Dynamics/Joints/b2RevoluteJoint.html]
[www.box2dflash.org/docs/2.1a/reference/indexbdd9.html]
[www.box2dflash.org/docs/2.1a/reference/Box2D/Dynamics/Joints/b2RevoluteJointDef.html]
[www.box2dflash.org/docs/2.1a/reference/index570c.html]
[www.box2dflash.org/docs/2.1a/reference/Box2D/Collision/b2Segment.html]
[www.box2dflash.org/docs/2.1a/reference/index7e78.html]
[www.box2dflash.org/docs/2.1a/reference/Box2D/Common/b2Settings.html]
[www.box2dflash.org/docs/2.1a/reference/index9f33.html]
[www.box2dflash.org/docs/2.1a/reference/Box2D/Collision/Shapes/b2Shape.html]
[www.box2dflash.org/docs/2.1a/reference/index53aa.html]
[www.box2dflash.org/docs/2.1a/reference/Box2D/Collision/b2SimplexCache.html]
[www.box2dflash.org/docs/2.1a/reference/index1470.html]
[www.box2dflash.org/docs/2.1a/reference/Box2D/Common/Math/b2Sweep.html]
[www.box2dflash.org/docs/2.1a/reference/indexb694.html]
[www.box2dflash.org/docs/2.1a/reference/Box2D/Dynamics/Controllers/b2TensorDampingController.html]
[www.box2dflash.org/docs/2.1a/reference/indexb187.html]
[www.box2dflash.org/docs/2.1a/reference/Box2D/Collision/b2TOIInput.html]
[www.box2dflash.org/docs/2.1a/reference/indexe7ac.html]
[www.box2dflash.org/docs/2.1a/reference/Box2D/Common/Math/b2Transform.html]
[www.box2dflash.org/docs/2.1a/reference/index4b27.html]
[www.box2dflash.org/docs/2.1a/reference/Box2D/Common/Math/b2Vec2.html]
[www.box2dflash.org/docs/2.1a/reference/indexddd0.html]
[www.box2dflash.org/docs/2.1a/reference/Box2D/Common/Math/b2Vec3.html]
[www.box2dflash.org/docs/2.1a/reference/indexcdcc.html]
[www.box2dflash.org/docs/2.1a/reference/Box2D/Dynamics/Joints/b2WeldJoint.html]
[www.box2dflash.org/docs/2.1a/reference/index0bc5.html]
[www.box2dflash.org/docs/2.1a/reference/Box2D/Dynamics/Joints/b2WeldJointDef.html]
[www.box2dflash.org/docs/2.1a/reference/index565b.html]
[www.box2dflash.org/docs/2.1a/reference/Box2D/Dynamics/b2World.html]
[www.box2dflash.org/docs/2.1a/reference/index8dcf.html]
[www.box2dflash.org/docs/2.1a/reference/Box2D/Collision/b2WorldManifold.html]
[www.box2dflash.org/docs/2.1a/reference/indexcd6f.html]
[www.box2dflash.org/docs/2.1a/reference/Box2D/Collision/Features.html]
[www.box2dflash.org/docs/2.1a/reference/indexe32e.html]
[www.box2dflash.org/docs/2.1a/reference/Box2D/Collision/IBroadPhase.html]
[www.box2dflash.org/docs/2.1a/reference/indexc14d.html]
[www.box2dflash.org/docs/2.1a/reference/index2640.html]
[www.box2dflash.org/docs/2.1a/reference/indexd6f3.html]
[www.box2dflash.org/docs/2.1a/reference/Box2D/Dynamics/Contacts/class-list-2.html]
[www.box2dflash.org/docs/2.1a/reference/all-index-B.html]
[www.box2dflash.org/docs/2.1a/reference/index21b6.html]
[www.box2dflash.org/docs/2.1a/reference/Box2D/Collision/class-list-2.html]
[www.box2dflash.org/docs/2.1a/reference/Box2D/Collision/Shapes/class-list-2.html]
[www.box2dflash.org/docs/2.1a/reference/Box2D/Dynamics/Joints/class-list-2.html]
[www.box2dflash.org/docs/2.1a/reference/all-index-C.html]
[www.box2dflash.org/docs/2.1a/reference/indexc6d7.html]
[www.box2dflash.org/docs/2.1a/reference/Box2D/Common/class-list-2.html]
[www.box2dflash.org/docs/2.1a/reference/all-index-D.html]
[www.box2dflash.org/docs/2.1a/reference/index6239.html]
[www.box2dflash.org/docs/2.1a/reference/all-index-E.html]
[www.box2dflash.org/docs/2.1a/reference/index8385.html]
[www.box2dflash.org/docs/2.1a/reference/all-index-F.html]
[www.box2dflash.org/docs/2.1a/reference/index23c4.html]
[www.box2dflash.org/docs/2.1a/reference/all-index-G.html]
[www.box2dflash.org/docs/2.1a/reference/index5e03.html]
[www.box2dflash.org/docs/2.1a/reference/all-index-H.html]
[www.box2dflash.org/docs/2.1a/reference/indexb428.html]
[www.box2dflash.org/docs/2.1a/reference/all-index-I.html]
[www.box2dflash.org/docs/2.1a/reference/index79de.html]
[www.box2dflash.org/docs/2.1a/reference/all-index-J.html]
[www.box2dflash.org/docs/2.1a/reference/indexc147.html]
[www.box2dflash.org/docs/2.1a/reference/all-index-K.html]
[www.box2dflash.org/docs/2.1a/reference/index62be.html]
[www.box2dflash.org/docs/2.1a/reference/all-index-L.html]
[www.box2dflash.org/docs/2.1a/reference/index1f06.html]
[www.box2dflash.org/docs/2.1a/reference/all-index-M.html]
[www.box2dflash.org/docs/2.1a/reference/index9a8d.html]
[www.box2dflash.org/docs/2.1a/reference/all-index-N.html]
[www.box2dflash.org/docs/2.1a/reference/indexc614.html]
[www.box2dflash.org/docs/2.1a/reference/all-index-O.html]
[www.box2dflash.org/docs/2.1a/reference/index8f2c.html]
[www.box2dflash.org/docs/2.1a/reference/all-index-P.html]
[www.box2dflash.org/docs/2.1a/reference/indexbedf.html]
[www.box2dflash.org/docs/2.1a/reference/all-index-Q.html]
[www.box2dflash.org/docs/2.1a/reference/index409c.html]
[www.box2dflash.org/docs/2.1a/reference/all-index-R.html]
[www.box2dflash.org/docs/2.1a/reference/index8235.html]
[www.box2dflash.org/docs/2.1a/reference/all-index-S.html]
[www.box2dflash.org/docs/2.1a/reference/index25ef.html]
[www.box2dflash.org/docs/2.1a/reference/all-index-T.html]
[www.box2dflash.org/docs/2.1a/reference/index6eae.html]
[www.box2dflash.org/docs/2.1a/reference/all-index-U.html]
[www.box2dflash.org/docs/2.1a/reference/index44da.html]
[www.box2dflash.org/docs/2.1a/reference/all-index-V.html]
[www.box2dflash.org/docs/2.1a/reference/index60b0.html]
[www.box2dflash.org/docs/2.1a/reference/all-index-W.html]
[www.box2dflash.org/docs/2.1a/reference/index48f4.html]
[www.box2dflash.org/docs/2.1a/reference/all-index-X.html]
[www.box2dflash.org/docs/2.1a/reference/indexc4fd.html]
[www.box2dflash.org/docs/2.1a/reference/all-index-Y.html]
[www.box2dflash.org/docs/2.1a/reference/index4263.html]
[www.box2dflash.org/docs/2.1a/reference/all-index-Z.html]
[www.box2dflash.org/docs/2.1a/reference/Box2D/Common/Math/class-list-2.html]
[www.box2dflash.org/docs/2.1a/reference/Box2D/Dynamics/class-list-2.html]
[www.box2dflash.org/docs/2.1a/reference/Box2D/Dynamics/Controllers/class-list-2.html]
[www.box2dflash.org/docs/2.1a/reference/index0029.html]
[www.box2dflash.org/docs/2.1a/reference/indexf547.html]
[www.box2dflash.org/docs/2.1a/reference/indexd6a5.html]
[www.box2dflash.org/docs/2.1a/reference/index2cf9.html]
[www.box2dflash.org/docs/2.1a/reference/indexfbeb.html]
[www.box2dflash.org/docs/2.1a/reference/index8a16.html]
[www.box2dflash.org/docs/2.1a/reference/indexd69d.html]
[www.box2dflash.org/docs/2.1a/reference/indexa4a6.html]
[www.box2dflash.org/docs/2.1a/reference/index109d.html]
[www.box2dflash.org/docs/2.1a/reference/index0ea8.html]
[www.box2dflash.org/docs/2.1a/reference/index81e7.html]
[www.box2dflash.org/docs/2.1a/reference/index1f54.html]
[www.box2dflash.org/docs/2.1a/reference/indexed9f.html]
[www.box2dflash.org/docs/2.1a/reference/index40cc.html]
[www.box2dflash.org/docs/2.1a/reference/index882a.html]
[www.box2dflash.org/docs/2.1a/reference/index1053.html]
[www.box2dflash.org/docs/2.1a/reference/index5342.html]
[www.box2dflash.org/docs/2.1a/reference/index1a36.html]
[www.box2dflash.org/docs/2.1a/reference/indexe494.html]
[www.box2dflash.org/docs/2.1a/reference/index8f8a.html]
[www.box2dflash.org/docs/2.1a/reference/index42f8.html]
[www.box2dflash.org/docs/2.1a/reference/indexf318.html]
[www.box2dflash.org/docs/2.1a/reference/index4fc8.html]
[www.box2dflash.org/docs/2.1a/reference/index0964.html]
[www.box2dflash.org/docs/2.1a/reference/index28ef.html]
[www.box2dflash.org/docs/2.1a/reference/index0fe3.html]
[www.box2dflash.org/docs/2.1a/reference/index7d6f.html]
[www.box2dflash.org/docs/2.1a/reference/indexb251.html]
[www.box2dflash.org/docs/2.1a/reference/indexbb05.html]
[www.box2dflash.org/docs/2.1a/reference/indexd418.html]
[www.box2dflash.org/docs/2.1a/reference/index15ab.html]
[www.box2dflash.org/docs/2.1a/reference/index922d.html]
[www.box2dflash.org/docs/2.1a/reference/index869e.html]
[www.box2dflash.org/docs/2.1a/reference/indexd180.html]
[www.box2dflash.org/docs/2.1a/reference/index77cb.html]
[www.box2dflash.org/docs/2.1a/reference/indexae61.html]
[www.box2dflash.org/docs/2.1a/reference/indexb5ef.html]
[www.box2dflash.org/docs/2.1a/reference/indexacbb.html]
[www.box2dflash.org/docs/2.1a/reference/indexc7ea.html]
[www.box2dflash.org/docs/2.1a/reference/index53d8.html]
[www.box2dflash.org/docs/2.1a/reference/indexf91b.html]
[www.box2dflash.org/docs/2.1a/reference/indexae71.html]
[www.box2dflash.org/docs/2.1a/reference/index3eca.html]
[www.box2dflash.org/docs/2.1a/reference/index2c6c.html]
[www.box2dflash.org/docs/2.1a/reference/indexa24c.html]
[www.box2dflash.org/docs/2.1a/reference/index36c7.html]
[www.box2dflash.org/docs/2.1a/reference/indexebe8.html]
[www.box2dflash.org/docs/2.1a/reference/indexbcf9.html]
[www.box2dflash.org/docs/2.1a/reference/index30d2.html]
[www.box2dflash.org/docs/2.1a/reference/index4d63.html]
[www.box2dflash.org/docs/2.1a/reference/index14a1.html]
[www.box2dflash.org/docs/2.1a/reference/index180f.html]
[www.box2dflash.org/docs/2.1a/reference/index3457.html]
[www.box2dflash.org/docs/2.1a/reference/indexae36.html]
[www.box2dflash.org/docs/2.1a/reference/indexcc94.html]
[www.box2dflash.org/docs/2.1a/reference/indexc7f8.html]
[www.box2dflash.org/docs/2.1a/reference/index07e0.html]
[www.box2dflash.org/docs/2.1a/reference/index8e28.html]
[www.box2dflash.org/docs/2.1a/reference/indexcb9f.html]
[www.box2dflash.org/docs/2.1a/reference/indexc37b.html]
[www.box2dflash.org/docs/2.1a/reference/indexe47d.html]
[www.box2dflash.org/docs/2.1a/reference/index435f.html]
[www.box2dflash.org/docs/2.1a/reference/index2945.html]
[www.box2dflash.org/docs/2.1a/reference/index57f6.html]
[www.box2dflash.org/docs/2.1a/reference/indexe044.html]
[www.box2dflash.org/docs/2.1a/reference/indexbdd9.html]
[www.box2dflash.org/docs/2.1a/reference/index570c.html]
[www.box2dflash.org/docs/2.1a/reference/index7e78.html]
[www.box2dflash.org/docs/2.1a/reference/index9f33.html]
[www.box2dflash.org/docs/2.1a/reference/index53aa.html]
[www.box2dflash.org/docs/2.1a/reference/index1470.html]
[www.box2dflash.org/docs/2.1a/reference/indexb694.html]
[www.box2dflash.org/docs/2.1a/reference/indexb187.html]
[www.box2dflash.org/docs/2.1a/reference/indexe7ac.html]
[www.box2dflash.org/docs/2.1a/reference/index4b27.html]
[www.box2dflash.org/docs/2.1a/reference/indexddd0.html]
[www.box2dflash.org/docs/2.1a/reference/indexcdcc.html]
[www.box2dflash.org/docs/2.1a/reference/index0bc5.html]
[www.box2dflash.org/docs/2.1a/reference/index565b.html]
[www.box2dflash.org/docs/2.1a/reference/index8dcf.html]
[www.box2dflash.org/docs/2.1a/reference/indexcd6f.html]
[www.box2dflash.org/docs/2.1a/reference/indexe32e.html]
[www.box2dflash.org/docs/2.1a/reference/indexd6f3.html]
[www.box2dflash.org/docs/2.1a/reference/Box2D/Dynamics/Contacts/class-list-2.html]
[www.box2dflash.org/docs/2.1a/reference/index21b6.html]
[www.box2dflash.org/docs/2.1a/reference/Box2D/Collision/class-list-2.html]
[www.box2dflash.org/docs/2.1a/reference/Box2D/Collision/Shapes/class-list-2.html]
[www.box2dflash.org/docs/2.1a/reference/Box2D/Dynamics/Joints/class-list-2.html]
[www.box2dflash.org/docs/2.1a/reference/indexc6d7.html]
[www.box2dflash.org/docs/2.1a/reference/Box2D/Common/class-list-2.html]
[www.box2dflash.org/docs/2.1a/reference/index6239.html]
[www.box2dflash.org/docs/2.1a/reference/index8385.html]
[www.box2dflash.org/docs/2.1a/reference/index23c4.html]
[www.box2dflash.org/docs/2.1a/reference/index5e03.html]
[www.box2dflash.org/docs/2.1a/reference/indexb428.html]
[www.box2dflash.org/docs/2.1a/reference/index79de.html]
[www.box2dflash.org/docs/2.1a/reference/indexc147.html]
[www.box2dflash.org/docs/2.1a/reference/index62be.html]
[www.box2dflash.org/docs/2.1a/reference/index1f06.html]
[www.box2dflash.org/docs/2.1a/reference/index9a8d.html]
[www.box2dflash.org/docs/2.1a/reference/indexc614.html]
[www.box2dflash.org/docs/2.1a/reference/index8f2c.html]
[www.box2dflash.org/docs/2.1a/reference/indexbedf.html]
[www.box2dflash.org/docs/2.1a/reference/index409c.html]
[www.box2dflash.org/docs/2.1a/reference/index8235.html]
[www.box2dflash.org/docs/2.1a/reference/index25ef.html]
[www.box2dflash.org/docs/2.1a/reference/index6eae.html]
[www.box2dflash.org/docs/2.1a/reference/index44da.html]
[www.box2dflash.org/docs/2.1a/reference/index60b0.html]
[www.box2dflash.org/docs/2.1a/reference/index48f4.html]
[www.box2dflash.org/docs/2.1a/reference/indexc4fd.html]
[www.box2dflash.org/docs/2.1a/reference/index4263.html]
